python : C:\Program Files\Python311\Lib\site-packages\urllib3\connectionpool.py:1097: InsecureRequestWarning: Unverified HTTPS request is being made to host 'kong-p
roxy.yc.amvera.ru'. Adding certificate verification is strongly advised. See: https://urllib3.readthedocs.io/en/latest/advanced-usage.html#tls-warnings
строка:1 знак:1
+ python test_prefixes.py 2>&1 > test_output.txt; Get-Content test_outp ...
+ ~~~~~~~~~~~~~~~~~~~~~~~~~~~~~~~~~~~~~~~~~~~~~~
    + CategoryInfo          : NotSpecified: (C:\Program File...ml#tls-warnings:String) [], RemoteException
    + FullyQualifiedErrorId : NativeCommandError
 
  warnings.warn(
C:\Program Files\Python311\Lib\site-packages\urllib3\connectionpool.py:1097: InsecureRequestWarning: Unverified HTTPS request is being made to host 'kong-proxy.yc.a
mvera.ru'. Adding certificate verification is strongly advised. See: https://urllib3.readthedocs.io/en/latest/advanced-usage.html#tls-warnings
  warnings.warn(
C:\Program Files\Python311\Lib\site-packages\urllib3\connectionpool.py:1097: InsecureRequestWarning: Unverified HTTPS request is being made to host 'kong-proxy.yc.a
mvera.ru'. Adding certificate verification is strongly advised. See: https://urllib3.readthedocs.io/en/latest/advanced-usage.html#tls-warnings
  warnings.warn(
C:\Program Files\Python311\Lib\site-packages\urllib3\connectionpool.py:1097: InsecureRequestWarning: Unverified HTTPS request is being made to host 'kong-proxy.yc.a
mvera.ru'. Adding certificate verification is strongly advised. See: https://urllib3.readthedocs.io/en/latest/advanced-usage.html#tls-warnings
  warnings.warn(
C:\Program Files\Python311\Lib\site-packages\urllib3\connectionpool.py:1097: InsecureRequestWarning: Unverified HTTPS request is being made to host 'kong-proxy.yc.a
mvera.ru'. Adding certificate verification is strongly advised. See: https://urllib3.readthedocs.io/en/latest/advanced-usage.html#tls-warnings
  warnings.warn(
C:\Program Files\Python311\Lib\site-packages\urllib3\connectionpool.py:1097: InsecureRequestWarning: Unverified HTTPS request is being made to host 'kong-proxy.yc.a
mvera.ru'. Adding certificate verification is strongly advised. See: https://urllib3.readthedocs.io/en/latest/advanced-usage.html#tls-warnings
  warnings.warn(
C:\Program Files\Python311\Lib\site-packages\urllib3\connectionpool.py:1097: InsecureRequestWarning: Unverified HTTPS request is being made to host 'kong-proxy.yc.a
mvera.ru'. Adding certificate verification is strongly advised. See: https://urllib3.readthedocs.io/en/latest/advanced-usage.html#tls-warnings
  warnings.warn(
╥хёЄшЁютрэшх Ёрчэ√ї яЁхЇшъёют яєЄш...

╥хёЄшЁютрэшх: https://kong-proxy.yc.amvera.ru/models/gpt
  ╤ЄрЄєё: 404
  ╬ЄтхЄ: {
  "message":"no Route matched with those values",
  "request_id":"881b3030c2a29059c75dfc559e98090b"
}

╥хёЄшЁютрэшх: https://kong-proxy.yc.amvera.ru/api/models/gpt
  ╤ЄрЄєё: 404
  ╬ЄтхЄ: {
  "message":"no Route matched with those values",
  "request_id":"707e22734a05f929e096515af669873d"
}

╥хёЄшЁютрэшх: https://kong-proxy.yc.amvera.ru/v1/models/gpt
  ╤ЄрЄєё: 404
  ╬ЄтхЄ: {
  "message":"no Route matched with those values",
  "request_id":"6dcafe702adba868f9cb0161d1637705"
}

╥хёЄшЁютрэшх: https://kong-proxy.yc.amvera.ru/llm/models/gpt
  ╤ЄрЄєё: 404
  ╬ЄтхЄ: {
  "message":"no Route matched with those values",
  "request_id":"c4ac7a4a68f146516b968d39f5063835"
}

╥хёЄшЁютрэшх: https://kong-proxy.yc.amvera.ru/lllm/models/gpt
  ╤ЄрЄєё: 404
  ╬ЄтхЄ: {
  "message":"no Route matched with those values",
  "request_id":"7b6e5c2ae3cc503621ada434bd689342"
}

╥хёЄшЁютрэшх: https://kong-proxy.yc.amvera.ru/inference/models/gpt
  ╤ЄрЄєё: 404
  ╬ЄтхЄ: {
  "message":"no Route matched with those values",
  "request_id":"3e8d5161a0d92c123ad18a60f25bf102"
}

╥хёЄшЁютрэшх: https://kong-proxy.yc.amvera.ru/chat/models/gpt
  ╤ЄрЄєё: 404
  ╬ЄтхЄ: {
  "message":"no Route matched with those values",
  "request_id":"c7afb57a7e2a511143e6a30c4fcbe52a"
}

